Metal: Initialized with Apple M4 Max (40 GPU cores)
Metal: Max buffer size: 39813 MB
Metal: Loaded shaders from /Volumes/Code/engpe/native/fhe_shaders.metallib
Metal: Available kernels: keyswitch_mac_batch modmul_scalar modsub_batch modadd_batch modsub_direct_batch ntt_forward_batch modadd_direct_batch modmul_direct_batch modneg_batch ntt_inverse_stage ntt_inverse_scale ntt_bit_reverse mod_down_batch ntt_twist ntt_to_montgomery modmul_batch ntt_inverse_batch ntt_from_montgomery ntt_forward_stage 
Metal: Created modmul pipeline (max threads: 1024)
Metal: Created ntt_forward_stage pipeline
Metal: Created keyswitch_mac_batch pipeline
Metal: Created mod_down_batch pipeline
Metal: NTT pipelines - to_mont:1 bitrev:1 fwd_stage:1 inv_stage:1 inv_scale:1 from_mont:1 twist:1 ks_mac:1
{
  "comparison": "HEPRS example_data head-to-head (this machine)",
  "panel": {
    "patients": 50,
    "features": 10001,
    "polyDegree": 8192
  },
  "engpe": {
    "weights": "encrypted (ct×ct + relin)",
    "backend": "metal",
    "preferMetal": true,
    "coldMs": 6539.579,
    "warmMedianMs": 4305.371000000001,
    "msPerPatientWarm": 86.10742000000002,
    "maxAbsErrorVsPlainOracle": 0.0000030823412124902916,
    "rssAfterMiB": 1470.2,
    "rssDeltaMiB": 1369.8
  },
  "heprsLocal": {
    "PN12QP125": {
      "wallMs": 770,
      "heapSysMiB": 227,
      "note": "param 0, N=4096"
    },
    "PN13QP202pq": {
      "wallMs": 1432,
      "heapSysMiB": 403,
      "note": "param 1, N=8192"
    }
  },
  "paramGap": {
    "engpeLogQ": 124,
    "heprsLogQP_PN13": 202,
    "note": "ENGPE keeps |Q|≈124 in u128 CRT; PRS is depth-1 so 202 is not required for correctness, but is not parameter-matched."
  }
}
